============================= test session starts =============================
platform win32 -- Python 3.13.7, pytest-9.0.1, pluggy-1.6.0
rootdir: C:\Users\jaisu\ark-agent-agi
configfile: pyproject.toml
plugins: asyncio-1.3.0, cov-7.0.0
asyncio: mode=Mode.STRICT, debug=False, asyncio_default_fixture_loop_scope=None, asyncio_default_test_loop_scope=function
collected 5 items

tests\test_builtin_tools.py .....                                        [100%]

=============================== tests coverage ================================
_______________ coverage: platform win32, python 3.13.7-final-0 _______________

Name                                   Stmts   Miss   Cover   Missing
---------------------------------------------------------------------
src\__init__.py                            0      0 100.00%
src\a2a_router.py                         42     42   0.00%   1-84
src\agents\__init__.py                     0      0 100.00%
src\agents\action_executor_agent.py       18     18   0.00%   1-42
src\agents\analytics_agent.py             41     41   0.00%   1-89
src\agents\base_agent.py                   8      8   0.00%   1-10
src\agents\compliance_agent.py            33     33   0.00%   1-66
src\agents\connector_agent.py             48     48   0.00%   1-81
src\agents\email_agent.py                 13     13   0.00%   1-35
src\agents\email_sender_agent.py          56     56   0.00%   1-259
src\agents\emotion_agent.py               17     17   0.00%   1-37
src\agents\feedback_agent.py              56     56   0.00%   1-88
src\agents\human_escalation_agent.py      26     26   0.00%   1-56
src\agents\knowledge_agent.py             25     25   0.00%   1-46
src\agents\meeting_agent.py               16     16   0.00%   1-43
src\agents\memory_agent.py                26     26   0.00%   1-46
src\agents\notification_agent.py          55     55   0.00%   1-84
src\agents\planner_agent.py               14     14   0.00%   1-36
src\agents\priority_agent.py              37     37   0.00%   2-132
src\agents\refund_agent.py                85     85   0.00%   1-222
src\agents\research_group.py              24     24   0.00%   1-48
src\agents\retryable_agent.py             63     63   0.00%   1-105
src\agents\scheduler_agent.py             62     62   0.00%   1-94
src\agents\sentiment_agent.py             52     52   0.00%   1-113
src\agents\shipping_agent.py              22     22   0.00%   1-44
src\agents\supervisor_agent.py            38     38   0.00%   1-82
src\agents\ticket_agent.py                43     43   0.00%   1-85
src\agents\training_agent.py              32     32   0.00%   1-62
src\config.py                             14     14   0.00%   1-28
src\models\__init__.py                     1      1   0.00%   1
src\models\messages.py                    31     31   0.00%   1-38
src\orchestrator.py                       61     61   0.00%   1-108
src\utils\agent_controller.py             61     44  27.87%   33-68, 86-118, 137, 150-165, 182-186, 201-203, 218-229
src\utils\calculator_tool.py              25      2  92.00%   90-91
src\utils\code_execution_tool.py          67     49  26.87%   81-197, 209, 221, 237
src\utils\database_tool.py                24     15  37.50%   31-63
src\utils\logging_utils.py                 7      0 100.00%
---------------------------------------------------------------------
TOTAL                                   1243   1169   5.95%
============================== 5 passed in 0.49s ==============================
